// Jest Snapshot v1, https://goo.gl/fbAQLP

exports[`CheckBox shows the tickIcon when the checkBox checked 1`] = `
<View
  style={
    Array [
      Object {
        "alignItems": "center",
        "flexDirection": "row",
        "marginHorizontal": 5,
        "marginTop": 5,
        "width": 150,
      },
      Object {
        "justifyContent": "flex-end",
      },
    ]
  }
>
  <View
    accessible={true}
    collapsable={false}
    focusable={true}
    onBlur={[Function]}
    onClick={[Function]}
    onFocus={[Function]}
    onResponderGrant={[Function]}
    onResponderMove={[Function]}
    onResponderRelease={[Function]}
    onResponderTerminate={[Function]}
    onResponderTerminationRequest={[Function]}
    onStartShouldSetResponder={[Function]}
    testID="PressCheckBox"
  >
    <View
      style={
        Object {
          "alignItems": "center",
          "flexDirection": "row",
          "justifyContent": "space-between",
        }
      }
    >
      <Text
        style={
          Array [
            Object {
              "color": "#000",
              "fontSize": 16,
              "fontWeight": "600",
              "marginLeft": 5,
            },
            Object {
              "color": "green",
            },
          ]
        }
      >
        music
      </Text>
      <Text
        allowFontScaling={false}
        selectable={false}
        style={
          Array [
            Object {
              "color": "red",
              "fontSize": 24,
            },
            undefined,
            Object {
              "fontFamily": "Material Icons",
              "fontStyle": "normal",
              "fontWeight": "normal",
            },
            Object {},
          ]
        }
      >
        î µ
      </Text>
    </View>
  </View>
</View>
`;
